[ {
  "id" : 1,
  "category" : "Foo",
  "description" : "Foo-bar",
  "whenLost" : "2010-10-10T10:10:10.00000001-07:00",
  "lat" : 32.7174,
  "lon" : -117.1628,
  "returned" : false
}, {
  "id" : 2,
  "category" : "Foo",
  "description" : "Bar Baz",
  "whenLost" : "2010-10-10T10:10:10.00000001-07:00",
  "lat" : 32.7174,
  "lon" : -117.1628,
  "returned" : false
}, {
  "id" : 3,
  "category" : "Foo",
  "description" : "Something Else",
  "whenLost" : "2010-10-10T10:10:10.00000001-07:00",
  "lat" : 32.7174,
  "lon" : -117.1628,
  "returned" : false
} ]